{"level":"info","msg":"{\"ev\":\"setup-done\",\"t\":1791212546491}","source":"console","time":"2026-10-05T15:02:26Z"}
{"level":"info","msg":"{\"ev\":\"accepted\",\"id\":\"aa2f36c7-057b-41e6-93a2-ef2c46d9fd9c\",\"t\":1791212551032}","source":"console","time":"2026-10-05T15:02:31Z"}
{"level":"info","msg":"{\"ev\":\"accepted\",\"id\":\"3e1cc0e8-0ac4-4d4a-93a7-6b7e18529c62\",\"t\":1791212553025}","source":"console","time":"2026-10-05T15:02:33Z"}
{"level":"info","msg":"{\"ev\":\"accepted\",\"id\":\"e29a831b-4d29-4971-82da-0987acbc52a0\",\"t\":1791212555036}","source":"console","time":"2026-10-05T15:02:35Z"}
{"level":"info","msg":"{\"ev\":\"accepted\",\"id\":\"96b876c8-a5a0-4ea5-8275-97c16ebc02e8\",\"t\":1791212557035}","source":"console","time":"2026-10-05T15:02:37Z"}
{"level":"info","msg":"{\"ev\":\"accepted\",\"id\":\"5c3b65ce-5664-4815-9163-332581b85fe2\",\"t\":1791212559032}","source":"console","time":"2026-10-05T15:02:39Z"}
{"level":"info","msg":"{\"ev\":\"accepted\",\"id\":\"5797699c-adbd-4d79-9521-63d86eedd35e\",\"t\":1791212561021}","source":"console","time":"2026-10-05T15:02:41Z"}
{"level":"info","msg":"{\"ev\":\"accepted\",\"id\":\"4ae76a57-24e3-42f5-9d94-a118343d8416\",\"t\":1791212563029}","source":"console","time":"2026-10-05T15:02:43Z"}
{"level":"info","msg":"{\"ev\":\"accepted\",\"id\":\"d13e10ef-d14d-4b90-b2f2-27b1d5952097\",\"t\":1791212565036}","source":"console","time":"2026-10-05T15:02:45Z"}
{"level":"info","msg":"{\"ev\":\"accepted\",\"id\":\"7a361042-dcdb-4e8c-ae6c-2b98e9cb4219\",\"t\":1791212567034}","source":"console","time":"2026-10-05T15:02:47Z"}
{"level":"info","msg":"{\"ev\":\"accepted\",\"id\":\"5dc0e7f4-ce40-4c2f-87b8-e0c2066936fd\",\"t\":1791212569016}","source":"console","time":"2026-10-05T15:02:49Z"}
{"level":"info","msg":"{\"ev\":\"accepted\",\"id\":\"c964b125-f4c2-4314-ae45-f3697b78c7e2\",\"t\":1791212571024}","source":"console","time":"2026-10-05T15:02:51Z"}
{"level":"info","msg":"{\"ev\":\"accepted\",\"id\":\"b74d1c2c-2857-4e0a-b969-208db0535f86\",\"t\":1791212573031}","source":"console","time":"2026-10-05T15:02:53Z"}
{"level":"info","msg":"{\"ev\":\"accepted\",\"id\":\"81d6a3fb-716c-491b-83a8-bfd1e4f02601\",\"t\":1791212575038}","source":"console","time":"2026-10-05T15:02:55Z"}
{"level":"info","msg":"{\"ev\":\"accepted\",\"id\":\"75a741c7-78ad-49aa-8cc5-a265f79da9ab\",\"t\":1791212577024}","source":"console","time":"2026-10-05T15:02:57Z"}
{"level":"info","msg":"{\"ev\":\"accepted\",\"id\":\"31afb5fb-26ef-469c-b828-13b12b000b81\",\"t\":1791212579028}","source":"console","time":"2026-10-05T15:02:59Z"}
{"level":"info","msg":"{\"ev\":\"accepted\",\"id\":\"d8ede158-d701-4c2f-9363-3f3f1ad067d4\",\"t\":1791212581032}","source":"console","time":"2026-10-05T15:03:01Z"}
{"level":"info","msg":"{\"ev\":\"accepted\",\"id\":\"04e2ce70-7632-42a0-8992-cc8153456097\",\"t\":1791212583030}","source":"console","time":"2026-10-05T15:03:03Z"}
{"level":"info","msg":"{\"ev\":\"accepted\",\"id\":\"70d5e781-a87a-45ee-9858-b502a62b062a\",\"t\":1791212585017}","source":"console","time":"2026-10-05T15:03:05Z"}
{"level":"info","msg":"{\"ev\":\"accepted\",\"id\":\"df87140f-eee7-4c4c-b705-5b93ce65e18f\",\"t\":1791212587031}","source":"console","time":"2026-10-05T15:03:07Z"}
{"level":"info","msg":"{\"ev\":\"accepted\",\"id\":\"da24015b-d0e4-4528-82ba-e65b009f49e9\",\"t\":1791212589030}","source":"console","time":"2026-10-05T15:03:09Z"}
{"level":"info","msg":"{\"ev\":\"accepted\",\"id\":\"4106d273-8c79-4c81-a430-fe8d592bb7a8\",\"t\":1791212591030}","source":"console","time":"2026-10-05T15:03:11Z"}
{"level":"info","msg":"{\"ev\":\"accepted\",\"id\":\"08299c20-4aeb-4aff-98be-26850f815cb0\",\"t\":1791212593031}","source":"console","time":"2026-10-05T15:03:13Z"}
{"level":"info","msg":"{\"ev\":\"accepted\",\"id\":\"7cb81efb-f86b-45fe-ad54-fe4fa00993d7\",\"t\":1791212595034}","source":"console","time":"2026-10-05T15:03:15Z"}
{"level":"info","msg":"{\"ev\":\"accepted\",\"id\":\"ba8474e8-6a56-4bf5-91d2-543ecc5af07f\",\"t\":1791212597030}","source":"console","time":"2026-10-05T15:03:17Z"}
{"level":"info","msg":"{\"ev\":\"accepted\",\"id\":\"cda8c337-09de-4f3f-adeb-348f63caaaa8\",\"t\":1791212599021}","source":"console","time":"2026-10-05T15:03:19Z"}
{"level":"info","msg":"{\"ev\":\"accepted\",\"id\":\"89fe1ede-393d-4cdd-853c-d21c1df3bd24\",\"t\":1791212601034}","source":"console","time":"2026-10-05T15:03:21Z"}
{"level":"info","msg":"{\"ev\":\"accepted\",\"id\":\"01645bad-4519-4869-839b-feec05a9f445\",\"t\":1791212603037}","source":"console","time":"2026-10-05T15:03:23Z"}
{"level":"info","msg":"{\"ev\":\"accepted\",\"id\":\"97c2de5c-ec73-42cf-8811-4e1e27cbbdd2\",\"t\":1791212605037}","source":"console","time":"2026-10-05T15:03:25Z"}
{"level":"info","msg":"{\"ev\":\"accepted\",\"id\":\"6e501433-0d9c-4f87-8492-3e64635497d7\",\"t\":1791212607033}","source":"console","time":"2026-10-05T15:03:27Z"}
{"level":"info","msg":"{\"ev\":\"accepted\",\"id\":\"7c46a191-7316-4188-9d86-4ed39b4eaab0\",\"t\":1791212609033}","source":"console","time":"2026-10-05T15:03:29Z"}
{"level":"info","msg":"{\"ev\":\"accepted\",\"id\":\"3a85f5ea-65a7-405f-8f71-ac42e0b1a2bb\",\"t\":1791212611031}","source":"console","time":"2026-10-05T15:03:31Z"}
{"level":"info","msg":"{\"ev\":\"accepted\",\"id\":\"1f6093fa-d576-48b7-b30d-ca084371955e\",\"t\":1791212613028}","source":"console","time":"2026-10-05T15:03:33Z"}
{"level":"info","msg":"{\"ev\":\"accepted\",\"id\":\"59235725-b161-4bdc-9f91-1d3a02abb53f\",\"t\":1791212615021}","source":"console","time":"2026-10-05T15:03:35Z"}
{"level":"info","msg":"{\"ev\":\"accepted\",\"id\":\"4872412e-a277-4a8e-89d5-36de2745e090\",\"t\":1791212617022}","source":"console","time":"2026-10-05T15:03:37Z"}
{"level":"info","msg":"{\"ev\":\"accepted\",\"id\":\"fbca978f-b84a-4a36-ac8e-e7240e37b581\",\"t\":1791212619026}","source":"console","time":"2026-10-05T15:03:39Z"}
{"level":"info","msg":"{\"ev\":\"accepted\",\"id\":\"5f685c3a-1ccc-465b-9baa-c64132634478\",\"t\":1791212621040}","source":"console","time":"2026-10-05T15:03:41Z"}
{"level":"info","msg":"{\"ev\":\"accepted\",\"id\":\"145768dc-276d-4843-a958-71187048630f\",\"t\":1791212623026}","source":"console","time":"2026-10-05T15:03:43Z"}
{"level":"info","msg":"{\"ev\":\"accepted\",\"id\":\"8db4f584-7108-4f07-a744-9a4832855b7e\",\"t\":1791212625027}","source":"console","time":"2026-10-05T15:03:45Z"}
{"level":"info","msg":"{\"ev\":\"accepted\",\"id\":\"cdc51db6-1f21-4d34-a4f7-c0e8496b0d63\",\"t\":1791212627025}","source":"console","time":"2026-10-05T15:03:47Z"}
{"level":"info","msg":"{\"ev\":\"accepted\",\"id\":\"d6d6aabc-779b-4696-bc7d-d8293197a76a\",\"t\":1791212629026}","source":"console","time":"2026-10-05T15:03:49Z"}
{"level":"info","msg":"{\"ev\":\"accepted\",\"id\":\"2b2d1eca-e9f1-4e9c-8b05-58ea7d888372\",\"t\":1791212631023}","source":"console","time":"2026-10-05T15:03:51Z"}
{"level":"info","msg":"{\"ev\":\"accepted\",\"id\":\"9386e2b1-c3e8-4d7c-8b23-2fd91e355bbb\",\"t\":1791212633023}","source":"console","time":"2026-10-05T15:03:53Z"}
{"level":"info","msg":"{\"ev\":\"accepted\",\"id\":\"705240a4-e6f2-41d2-95aa-64361c6e52e4\",\"t\":1791212635034}","source":"console","time":"2026-10-05T15:03:55Z"}
{"level":"info","msg":"{\"ev\":\"accepted\",\"id\":\"ffa998ce-fe6a-4d3e-95c3-87abc90459f2\",\"t\":1791212637028}","source":"console","time":"2026-10-05T15:03:57Z"}
{"level":"info","msg":"{\"ev\":\"accepted\",\"id\":\"edcaabc4-2e24-432c-983f-fdcaf97f013d\",\"t\":1791212639018}","source":"console","time":"2026-10-05T15:03:59Z"}
{"level":"info","msg":"{\"ev\":\"accepted\",\"id\":\"24676732-8727-45e0-82ae-91de241a25bb\",\"t\":1791212641024}","source":"console","time":"2026-10-05T15:04:01Z"}
{"level":"info","msg":"{\"ev\":\"accepted\",\"id\":\"3d34e2c3-d633-4cd4-9991-cc75178c82d9\",\"t\":1791212643011}","source":"console","time":"2026-10-05T15:04:03Z"}
{"level":"info","msg":"{\"ev\":\"accepted\",\"id\":\"1d1d1500-9efd-4671-9a5a-a268b47bf3ec\",\"t\":1791212645016}","source":"console","time":"2026-10-05T15:04:05Z"}
{"level":"info","msg":"{\"ev\":\"accepted\",\"id\":\"2c4641f0-9711-4ea4-98f8-542a97037963\",\"t\":1791212647015}","source":"console","time":"2026-10-05T15:04:07Z"}
{"level":"info","msg":"{\"ev\":\"accepted\",\"id\":\"05aa4359-6447-4dd0-875f-91164df15708\",\"t\":1791212649027}","source":"console","time":"2026-10-05T15:04:09Z"}
{"level":"info","msg":"{\"ev\":\"accepted\",\"id\":\"d92b831a-487e-43de-88f6-3c2eae47f5ec\",\"t\":1791212651027}","source":"console","time":"2026-10-05T15:04:11Z"}
{"level":"info","msg":"{\"ev\":\"accepted\",\"id\":\"ce490bbc-ef49-48e1-821f-c8557170d5e9\",\"t\":1791212653027}","source":"console","time":"2026-10-05T15:04:13Z"}
{"level":"info","msg":"{\"ev\":\"accepted\",\"id\":\"4987dcbf-aff7-4de2-8a1b-39d5d5453e53\",\"t\":1791212655023}","source":"console","time":"2026-10-05T15:04:15Z"}
{"level":"info","msg":"{\"ev\":\"accepted\",\"id\":\"8eb98069-f8f4-422a-8f14-4b094d7ef39d\",\"t\":1791212657029}","source":"console","time":"2026-10-05T15:04:17Z"}
{"level":"info","msg":"{\"ev\":\"accepted\",\"id\":\"f2b8a640-9a3e-453b-96ac-8c66cceb7a74\",\"t\":1791212659017}","source":"console","time":"2026-10-05T15:04:19Z"}
{"level":"info","msg":"{\"ev\":\"accepted\",\"id\":\"c00a6684-b429-456b-8b4c-15eb8e8a8dc1\",\"t\":1791212661019}","source":"console","time":"2026-10-05T15:04:21Z"}
{"level":"info","msg":"{\"ev\":\"accepted\",\"id\":\"ccd2d48a-281d-4d5a-b9d9-dc8366ca9abc\",\"t\":1791212663013}","source":"console","time":"2026-10-05T15:04:23Z"}
{"level":"info","msg":"{\"ev\":\"accepted\",\"id\":\"97a6b4a2-224b-406f-a38d-633b8149a383\",\"t\":1791212665033}","source":"console","time":"2026-10-05T15:04:25Z"}
{"level":"info","msg":"{\"ev\":\"accepted\",\"id\":\"ec65c2f9-46f4-452c-8ac4-c8668d78693b\",\"t\":1791212667020}","source":"console","time":"2026-10-05T15:04:27Z"}
{"level":"info","msg":"{\"ev\":\"accepted\",\"id\":\"a88a0e00-bfe1-42ee-99df-7f01742eed76\",\"t\":1791212669016}","source":"console","time":"2026-10-05T15:04:29Z"}
{"level":"info","msg":"{\"ev\":\"accepted\",\"id\":\"58c357bf-f43a-4dd5-b192-f80b781684ce\",\"t\":1791212671021}","source":"console","time":"2026-10-05T15:04:31Z"}
{"level":"info","msg":"{\"ev\":\"accepted\",\"id\":\"0a5b7471-2ed4-4de1-b3ef-921d35c655c4\",\"t\":1791212673025}","source":"console","time":"2026-10-05T15:04:33Z"}
{"level":"info","msg":"{\"ev\":\"accepted\",\"id\":\"12f21dfe-1011-4da4-ab0d-b34c4d344321\",\"t\":1791212675011}","source":"console","time":"2026-10-05T15:04:35Z"}
{"level":"info","msg":"{\"ev\":\"accepted\",\"id\":\"9ef082ad-cdff-4492-9773-1a9bdcb5f8a1\",\"t\":1791212676996}","source":"console","time":"2026-10-05T15:04:36Z"}
{"level":"info","msg":"{\"ev\":\"accepted\",\"id\":\"4f50b687-834c-42f9-b243-7e06f010ba75\",\"t\":1791212678596}","source":"console","time":"2026-10-05T15:04:38Z"}
{"level":"info","msg":"{\"ev\":\"accepted\",\"id\":\"df8bbd85-f82b-4ef9-b778-45061d3caf1d\",\"t\":1791212679892}","source":"console","time":"2026-10-05T15:04:39Z"}
{"level":"info","msg":"{\"ev\":\"accepted\",\"id\":\"ffa66c87-5c1e-4ac9-a5b6-9d6c0eb9e9dc\",\"t\":1791212681004}","source":"console","time":"2026-10-05T15:04:41Z"}
{"level":"info","msg":"{\"ev\":\"accepted\",\"id\":\"7ac08573-a6f2-4bd0-bb91-cfe0cd0086d5\",\"t\":1791212682030}","source":"console","time":"2026-10-05T15:04:42Z"}
{"level":"info","msg":"{\"ev\":\"accepted\",\"id\":\"2f06d59c-a333-48b6-ae75-2c66421a4d3c\",\"t\":1791212683018}","source":"console","time":"2026-10-05T15:04:43Z"}
{"level":"info","msg":"{\"ev\":\"accepted\",\"id\":\"568a8d2c-453d-4965-a500-4031bb99e40e\",\"t\":1791212684022}","source":"console","time":"2026-10-05T15:04:44Z"}
{"level":"info","msg":"{\"ev\":\"accepted\",\"id\":\"3ce188ee-1c6a-4be6-9d1e-27c89733aa03\",\"t\":1791212685038}","source":"console","time":"2026-10-05T15:04:45Z"}
{"level":"info","msg":"{\"ev\":\"accepted\",\"id\":\"5331edeb-b2bd-426a-92d4-eb3f4646605d\",\"t\":1791212686028}","source":"console","time":"2026-10-05T15:04:46Z"}
{"level":"info","msg":"{\"ev\":\"accepted\",\"id\":\"d39a2ae4-5603-470b-878d-66ce83d4f069\",\"t\":1791212687023}","source":"console","time":"2026-10-05T15:04:47Z"}
{"level":"info","msg":"{\"ev\":\"accepted\",\"id\":\"5cfd4c4d-dd02-48c7-bb16-5fba1946754c\",\"t\":1791212688026}","source":"console","time":"2026-10-05T15:04:48Z"}
{"level":"info","msg":"{\"ev\":\"accepted\",\"id\":\"4a55c4df-bdae-45bf-b1e4-6e881a1371db\",\"t\":1791212689036}","source":"console","time":"2026-10-05T15:04:49Z"}
{"level":"info","msg":"{\"ev\":\"accepted\",\"id\":\"2553e9a5-0ad7-4fa0-ab15-8b0d586a89b8\",\"t\":1791212690016}","source":"console","time":"2026-10-05T15:04:50Z"}
{"level":"info","msg":"{\"ev\":\"accepted\",\"id\":\"73ad6f08-a9ab-4e6d-b5cf-4c7c8e563224\",\"t\":1791212691031}","source":"console","time":"2026-10-05T15:04:51Z"}
{"level":"info","msg":"{\"ev\":\"accepted\",\"id\":\"52589c9d-f7c2-434b-8b9b-c5c928de8c61\",\"t\":1791212692020}","source":"console","time":"2026-10-05T15:04:52Z"}
{"level":"info","msg":"{\"ev\":\"accepted\",\"id\":\"5c193100-6194-40b8-97ba-088a589cb072\",\"t\":1791212693034}","source":"console","time":"2026-10-05T15:04:53Z"}
{"level":"info","msg":"{\"ev\":\"accepted\",\"id\":\"d03e4587-ff8a-4ea7-b883-945144ec1c16\",\"t\":1791212694033}","source":"console","time":"2026-10-05T15:04:54Z"}
{"level":"info","msg":"{\"ev\":\"accepted\",\"id\":\"9248270e-decd-4561-a8ce-ad6606ec4817\",\"t\":1791212695029}","source":"console","time":"2026-10-05T15:04:55Z"}
{"level":"info","msg":"{\"ev\":\"accepted\",\"id\":\"24c968e8-62ee-4d75-a010-a46de4b539d9\",\"t\":1791212696029}","source":"console","time":"2026-10-05T15:04:56Z"}
{"level":"info","msg":"{\"ev\":\"accepted\",\"id\":\"dfce5f9e-1e51-43d0-abce-0cbfcdbb1a57\",\"t\":1791212697026}","source":"console","time":"2026-10-05T15:04:57Z"}
{"level":"info","msg":"{\"ev\":\"accepted\",\"id\":\"56434259-db37-404d-a6b0-5655e59dc488\",\"t\":1791212698038}","source":"console","time":"2026-10-05T15:04:58Z"}
{"level":"info","msg":"{\"ev\":\"accepted\",\"id\":\"e7cdd91f-e75e-46ab-8fce-b9c112c7a7dd\",\"t\":1791212699029}","source":"console","time":"2026-10-05T15:04:59Z"}
{"level":"info","msg":"{\"ev\":\"accepted\",\"id\":\"31f1d6e8-2d40-4809-a666-c910040ffc03\",\"t\":1791212700017}","source":"console","time":"2026-10-05T15:05:00Z"}
{"level":"info","msg":"{\"ev\":\"accepted\",\"id\":\"26b697eb-0248-43d6-afe9-20c0755883be\",\"t\":1791212701014}","source":"console","time":"2026-10-05T15:05:01Z"}
{"level":"info","msg":"{\"ev\":\"accepted\",\"id\":\"142c42b1-ba29-44e1-aee1-cc9619fb2270\",\"t\":1791212702032}","source":"console","time":"2026-10-05T15:05:02Z"}
{"level":"info","msg":"{\"ev\":\"accepted\",\"id\":\"ec769dca-19fc-496d-8385-9590ab79bb9c\",\"t\":1791212703025}","source":"console","time":"2026-10-05T15:05:03Z"}
{"level":"info","msg":"{\"ev\":\"accepted\",\"id\":\"033d43d4-48ff-4ac1-8ae0-afcc5bfac717\",\"t\":1791212704022}","source":"console","time":"2026-10-05T15:05:04Z"}
{"level":"info","msg":"{\"ev\":\"accepted\",\"id\":\"dace93cd-9ec4-4b3b-83ac-504a34cbacf5\",\"t\":1791212705019}","source":"console","time":"2026-10-05T15:05:05Z"}
{"level":"info","msg":"{\"ev\":\"accepted\",\"id\":\"9daaaf60-026a-4be2-b9ea-60849eea28f1\",\"t\":1791212706016}","source":"console","time":"2026-10-05T15:05:06Z"}
{"level":"info","msg":"{\"ev\":\"accepted\",\"id\":\"8cf99c21-078d-4fd2-a9b5-af04db3a2d25\",\"t\":1791212707013}","source":"console","time":"2026-10-05T15:05:07Z"}
{"level":"info","msg":"{\"ev\":\"accepted\",\"id\":\"adbaf655-9c23-454d-8a9b-13f4769b9b85\",\"t\":1791212708032}","source":"console","time":"2026-10-05T15:05:08Z"}
{"level":"info","msg":"{\"ev\":\"accepted\",\"id\":\"0d2c3acf-a2c6-423b-9a3c-28b3d2220fa7\",\"t\":1791212709029}","source":"console","time":"2026-10-05T15:05:09Z"}
{"level":"info","msg":"{\"ev\":\"accepted\",\"id\":\"d4dbbb25-b84c-4612-8ce4-f894e3d19045\",\"t\":1791212710015}","source":"console","time":"2026-10-05T15:05:10Z"}
{"level":"info","msg":"{\"ev\":\"accepted\",\"id\":\"a192fa24-c4b1-4a67-96fd-37676c45a510\",\"t\":1791212711020}","source":"console","time":"2026-10-05T15:05:11Z"}
{"level":"info","msg":"{\"ev\":\"accepted\",\"id\":\"66fa071a-2112-4e8f-8f16-642839c33bf6\",\"t\":1791212712011}","source":"console","time":"2026-10-05T15:05:12Z"}
{"level":"info","msg":"{\"ev\":\"accepted\",\"id\":\"cb45ecc9-c5ca-4ed5-bdf4-9408510f14cf\",\"t\":1791212713020}","source":"console","time":"2026-10-05T15:05:13Z"}
{"level":"info","msg":"{\"ev\":\"accepted\",\"id\":\"8e406be5-e243-40c7-a4bd-cd0b4c228b17\",\"t\":1791212714030}","source":"console","time":"2026-10-05T15:05:14Z"}
{"level":"info","msg":"{\"ev\":\"accepted\",\"id\":\"4c9d1eff-b953-4f80-9a58-7ac8dd516581\",\"t\":1791212715037}","source":"console","time":"2026-10-05T15:05:15Z"}
{"level":"info","msg":"{\"ev\":\"accepted\",\"id\":\"ccc29b8f-7051-4e7f-b9ff-3388bc210d16\",\"t\":1791212716016}","source":"console","time":"2026-10-05T15:05:16Z"}
{"level":"info","msg":"{\"ev\":\"accepted\",\"id\":\"0f3a23dd-1377-4606-8aac-62344563eaa7\",\"t\":1791212717018}","source":"console","time":"2026-10-05T15:05:17Z"}
{"level":"info","msg":"{\"ev\":\"accepted\",\"id\":\"e505095b-e009-4c69-ad6f-9623d523f2aa\",\"t\":1791212718026}","source":"console","time":"2026-10-05T15:05:18Z"}
{"level":"info","msg":"{\"ev\":\"accepted\",\"id\":\"bf73ca5c-75c8-4603-81d2-3d0cbda7b163\",\"t\":1791212719015}","source":"console","time":"2026-10-05T15:05:19Z"}
{"level":"info","msg":"{\"ev\":\"accepted\",\"id\":\"1290d1f4-41ea-43b0-be52-ee3776d83477\",\"t\":1791212720011}","source":"console","time":"2026-10-05T15:05:20Z"}
{"level":"info","msg":"{\"ev\":\"accepted\",\"id\":\"cf7dce2d-06d0-48a8-977f-d0f8169274ac\",\"t\":1791212721029}","source":"console","time":"2026-10-05T15:05:21Z"}
{"level":"info","msg":"{\"ev\":\"accepted\",\"id\":\"ab4ea9d6-9306-4295-958d-12296750168c\",\"t\":1791212722016}","source":"console","time":"2026-10-05T15:05:22Z"}
{"level":"info","msg":"{\"ev\":\"accepted\",\"id\":\"e4273ba4-601d-4485-9e4f-cdbadc9155aa\",\"t\":1791212723014}","source":"console","time":"2026-10-05T15:05:23Z"}
{"level":"info","msg":"{\"ev\":\"accepted\",\"id\":\"96f56d0f-3b09-40c3-aa85-4843bdd3ad74\",\"t\":1791212724026}","source":"console","time":"2026-10-05T15:05:24Z"}
{"level":"info","msg":"{\"ev\":\"accepted\",\"id\":\"9db9ddc7-791f-4feb-a65a-d2a6ded6df99\",\"t\":1791212725027}","source":"console","time":"2026-10-05T15:05:25Z"}
{"level":"info","msg":"{\"ev\":\"accepted\",\"id\":\"a231cbbc-93dc-4a36-8ae0-06cdcc6a15b3\",\"t\":1791212726022}","source":"console","time":"2026-10-05T15:05:26Z"}
{"level":"info","msg":"{\"ev\":\"accepted\",\"id\":\"71b534f4-f7d1-4c05-96e1-2f5fd73aff0d\",\"t\":1791212727026}","source":"console","time":"2026-10-05T15:05:27Z"}
{"level":"info","msg":"{\"ev\":\"accepted\",\"id\":\"c9403df0-f624-4f74-8a73-b4258416c2b1\",\"t\":1791212728018}","source":"console","time":"2026-10-05T15:05:28Z"}
{"level":"info","msg":"{\"ev\":\"accepted\",\"id\":\"cfc17d7c-b9df-4a81-b8e2-facbbd6020c6\",\"t\":1791212729016}","source":"console","time":"2026-10-05T15:05:29Z"}
{"level":"info","msg":"{\"ev\":\"accepted\",\"id\":\"26832617-abf9-4e44-aaa1-ada3eccaa479\",\"t\":1791212730015}","source":"console","time":"2026-10-05T15:05:30Z"}
{"level":"info","msg":"{\"ev\":\"accepted\",\"id\":\"431c04f0-452c-4448-bbbb-04e32b5d3a38\",\"t\":1791212731015}","source":"console","time":"2026-10-05T15:05:31Z"}
{"level":"info","msg":"{\"ev\":\"accepted\",\"id\":\"c9d78d47-874c-4ee2-94d5-7fa853becae7\",\"t\":1791212732011}","source":"console","time":"2026-10-05T15:05:32Z"}
{"level":"info","msg":"{\"ev\":\"accepted\",\"id\":\"93ec10c7-9cad-4836-bcc4-a398d3f208ee\",\"t\":1791212733012}","source":"console","time":"2026-10-05T15:05:33Z"}
{"level":"info","msg":"{\"ev\":\"accepted\",\"id\":\"56b98386-9689-4f4c-9232-c6400878ffcc\",\"t\":1791212734020}","source":"console","time":"2026-10-05T15:05:34Z"}
{"level":"info","msg":"{\"ev\":\"accepted\",\"id\":\"10bed70f-25b5-4cb1-9e44-4a11ea9f3cd5\",\"t\":1791212735016}","source":"console","time":"2026-10-05T15:05:35Z"}
{"level":"info","msg":"{\"ev\":\"accepted\",\"id\":\"4110bcc9-d934-427d-9f73-c4a286963e2d\",\"t\":1791212736014}","source":"console","time":"2026-10-05T15:05:36Z"}
{"level":"info","msg":"{\"ev\":\"accepted\",\"id\":\"48ea9473-21d3-4da1-8658-af10677ba0c6\",\"t\":1791212737010}","source":"console","time":"2026-10-05T15:05:37Z"}
{"level":"info","msg":"{\"ev\":\"accepted\",\"id\":\"b9aea0df-2bb6-4eb0-bd03-083531f8571c\",\"t\":1791212738029}","source":"console","time":"2026-10-05T15:05:38Z"}
{"level":"info","msg":"{\"ev\":\"accepted\",\"id\":\"52012e1e-4307-4a99-8a85-a1bd99ecf497\",\"t\":1791212739029}","source":"console","time":"2026-10-05T15:05:39Z"}
{"level":"info","msg":"{\"ev\":\"accepted\",\"id\":\"1fff3072-5ec4-47a9-8915-44170fdbde2f\",\"t\":1791212740015}","source":"console","time":"2026-10-05T15:05:40Z"}
{"level":"info","msg":"{\"ev\":\"accepted\",\"id\":\"57782341-95f7-4aa7-8b2d-4e2371b99c25\",\"t\":1791212741023}","source":"console","time":"2026-10-05T15:05:41Z"}
{"level":"info","msg":"{\"ev\":\"accepted\",\"id\":\"39dbe25c-a49b-4407-b947-17edac02a90f\",\"t\":1791212741999}","source":"console","time":"2026-10-05T15:05:41Z"}
{"level":"info","msg":"{\"ev\":\"accepted\",\"id\":\"a1dd133c-4aac-4df3-be76-baa116a15149\",\"t\":1791212742927}","source":"console","time":"2026-10-05T15:05:42Z"}
{"level":"info","msg":"{\"ev\":\"accepted\",\"id\":\"7fb66c7d-2732-4dbb-99fa-ecd0dcd70a5a\",\"t\":1791212743759}","source":"console","time":"2026-10-05T15:05:43Z"}
{"level":"info","msg":"{\"ev\":\"accepted\",\"id\":\"f56332ec-a741-4e2d-ae5b-9e34ecc243fb\",\"t\":1791212744556}","source":"console","time":"2026-10-05T15:05:44Z"}
{"level":"info","msg":"{\"ev\":\"accepted\",\"id\":\"f3e6105f-39a8-41f5-a780-0e0586390c0b\",\"t\":1791212745297}","source":"console","time":"2026-10-05T15:05:45Z"}
{"level":"info","msg":"{\"ev\":\"accepted\",\"id\":\"cbd252bc-b6b4-46ca-aeef-0b0ad3ee470b\",\"t\":1791212746011}","source":"console","time":"2026-10-05T15:05:46Z"}
{"level":"info","msg":"{\"ev\":\"accepted\",\"id\":\"b57e290d-5d88-4ca7-a24a-4164ff4866ce\",\"t\":1791212746678}","source":"console","time":"2026-10-05T15:05:46Z"}
{"level":"info","msg":"{\"ev\":\"accepted\",\"id\":\"888276c6-11ad-44da-a036-de60c33f268f\",\"t\":1791212747362}","source":"console","time":"2026-10-05T15:05:47Z"}
{"level":"info","msg":"{\"ev\":\"accepted\",\"id\":\"6484ae51-b9a3-4d06-a5c6-1f3cb1595b8f\",\"t\":1791212748017}","source":"console","time":"2026-10-05T15:05:48Z"}
{"level":"info","msg":"{\"ev\":\"accepted\",\"id\":\"1746bbcb-14d5-4445-a57d-f0f7a52fb6d0\",\"t\":1791212748680}","source":"console","time":"2026-10-05T15:05:48Z"}
{"level":"info","msg":"{\"ev\":\"accepted\",\"id\":\"e9a561a7-6f7c-46f4-a035-4d85a7caf4de\",\"t\":1791212749346}","source":"console","time":"2026-10-05T15:05:49Z"}
{"level":"info","msg":"{\"ev\":\"accepted\",\"id\":\"f0d32da1-943a-40c2-a1a4-b18a8905d296\",\"t\":1791212750045}","source":"console","time":"2026-10-05T15:05:50Z"}
{"level":"info","msg":"{\"ev\":\"accepted\",\"id\":\"064cb379-2389-4ad2-98be-c1175ccec1f0\",\"t\":1791212750710}","source":"console","time":"2026-10-05T15:05:50Z"}
{"level":"info","msg":"{\"ev\":\"accepted\",\"id\":\"aa0dbeba-ba89-4eb0-8ed4-a4fbc635c184\",\"t\":1791212751370}","source":"console","time":"2026-10-05T15:05:51Z"}
{"level":"info","msg":"{\"ev\":\"accepted\",\"id\":\"a8e3d47d-664b-40e0-8c81-3b6ebe29e02a\",\"t\":1791212752015}","source":"console","time":"2026-10-05T15:05:52Z"}
{"level":"info","msg":"{\"ev\":\"accepted\",\"id\":\"aa3c6370-4926-42dc-ba67-4975052e0f5e\",\"t\":1791212752689}","source":"console","time":"2026-10-05T15:05:52Z"}
{"level":"info","msg":"{\"ev\":\"accepted\",\"id\":\"258769f7-c8e9-4fd7-9d53-86c56f4021f7\",\"t\":1791212753381}","source":"console","time":"2026-10-05T15:05:53Z"}
{"level":"info","msg":"{\"ev\":\"accepted\",\"id\":\"4babeac3-36e1-4353-8db6-c29d569b433d\",\"t\":1791212754016}","source":"console","time":"2026-10-05T15:05:54Z"}
{"level":"info","msg":"{\"ev\":\"accepted\",\"id\":\"852f753b-280c-42e7-ba3e-4cf89355ac08\",\"t\":1791212754696}","source":"console","time":"2026-10-05T15:05:54Z"}
{"level":"info","msg":"{\"ev\":\"accepted\",\"id\":\"be667938-5528-45f3-a1b5-076688e21829\",\"t\":1791212755347}","source":"console","time":"2026-10-05T15:05:55Z"}
{"level":"info","msg":"{\"ev\":\"accepted\",\"id\":\"4ec8429c-08b0-4bb6-ac90-f5ded4333efd\",\"t\":1791212756025}","source":"console","time":"2026-10-05T15:05:56Z"}
{"level":"info","msg":"{\"ev\":\"accepted\",\"id\":\"ab08ad74-d1ac-4839-88a3-3cb5ba92cc94\",\"t\":1791212756682}","source":"console","time":"2026-10-05T15:05:56Z"}
{"level":"info","msg":"{\"ev\":\"accepted\",\"id\":\"520330bf-2dab-4b6b-8aa5-8d5ffcceb07f\",\"t\":1791212757348}","source":"console","time":"2026-10-05T15:05:57Z"}
{"level":"info","msg":"{\"ev\":\"accepted\",\"id\":\"48742eed-06ff-42fe-814a-4fe0249f2214\",\"t\":1791212758037}","source":"console","time":"2026-10-05T15:05:58Z"}
{"level":"info","msg":"{\"ev\":\"accepted\",\"id\":\"07c01e55-889f-461e-a16e-bc8767347f23\",\"t\":1791212758705}","source":"console","time":"2026-10-05T15:05:58Z"}
{"level":"info","msg":"{\"ev\":\"accepted\",\"id\":\"761956de-703a-495d-bb54-5a25d65b0b03\",\"t\":1791212759346}","source":"console","time":"2026-10-05T15:05:59Z"}
{"level":"info","msg":"{\"ev\":\"accepted\",\"id\":\"b487446d-f0c9-4200-8d83-313926d2d1a0\",\"t\":1791212760013}","source":"console","time":"2026-10-05T15:06:00Z"}
{"level":"info","msg":"{\"ev\":\"accepted\",\"id\":\"8ed2af30-152e-4778-b4f5-f2d12573435d\",\"t\":1791212760693}","source":"console","time":"2026-10-05T15:06:00Z"}
{"level":"info","msg":"{\"ev\":\"accepted\",\"id\":\"55ec2793-dfdc-41de-b85e-43e65bd9bf5d\",\"t\":1791212761345}","source":"console","time":"2026-10-05T15:06:01Z"}
{"level":"info","msg":"{\"ev\":\"accepted\",\"id\":\"dd821a4b-c2b9-4ac8-be37-99ad310073ec\",\"t\":1791212762019}","source":"console","time":"2026-10-05T15:06:02Z"}
{"level":"info","msg":"{\"ev\":\"accepted\",\"id\":\"6bc931c1-21e9-45c9-9482-712352f2b947\",\"t\":1791212762684}","source":"console","time":"2026-10-05T15:06:02Z"}
{"level":"info","msg":"{\"ev\":\"accepted\",\"id\":\"81e1bef4-6cd8-430f-ac5b-d7a5b57b9e00\",\"t\":1791212763347}","source":"console","time":"2026-10-05T15:06:03Z"}
{"level":"info","msg":"{\"ev\":\"accepted\",\"id\":\"d1307817-94c0-4525-8b6e-4b58d5b99abf\",\"t\":1791212764031}","source":"console","time":"2026-10-05T15:06:04Z"}
{"level":"info","msg":"{\"ev\":\"accepted\",\"id\":\"50c6ca25-20a8-4732-8a83-297bd1dce5ea\",\"t\":1791212764679}","source":"console","time":"2026-10-05T15:06:04Z"}
{"level":"info","msg":"{\"ev\":\"accepted\",\"id\":\"fa2581c3-04ca-4f8f-8b9f-0de46f80b562\",\"t\":1791212765344}","source":"console","time":"2026-10-05T15:06:05Z"}
{"level":"info","msg":"{\"ev\":\"accepted\",\"id\":\"12e164f3-df27-43d3-8570-1123193f4f64\",\"t\":1791212766017}","source":"console","time":"2026-10-05T15:06:06Z"}
{"level":"info","msg":"{\"ev\":\"accepted\",\"id\":\"78cfe0a4-7320-4bd3-8a6b-d0ca71a782ca\",\"t\":1791212766696}","source":"console","time":"2026-10-05T15:06:06Z"}
{"level":"info","msg":"{\"ev\":\"accepted\",\"id\":\"a3a6efdf-b076-42e2-8143-ea41fbb7e34c\",\"t\":1791212767345}","source":"console","time":"2026-10-05T15:06:07Z"}
{"level":"info","msg":"{\"ev\":\"accepted\",\"id\":\"c987df9c-72e9-4645-9b6e-df0fb052e432\",\"t\":1791212768020}","source":"console","time":"2026-10-05T15:06:08Z"}
{"level":"info","msg":"{\"ev\":\"accepted\",\"id\":\"24bdba67-d94a-46b8-a2ef-eadea0682814\",\"t\":1791212768688}","source":"console","time":"2026-10-05T15:06:08Z"}
{"level":"info","msg":"{\"ev\":\"accepted\",\"id\":\"388df724-9648-4c5e-8374-89dec650ca9f\",\"t\":1791212769406}","source":"console","time":"2026-10-05T15:06:09Z"}
{"level":"info","msg":"{\"ev\":\"accepted\",\"id\":\"715dfae0-4c2b-490e-8cce-df717c1dc4a3\",\"t\":1791212770026}","source":"console","time":"2026-10-05T15:06:10Z"}
{"level":"info","msg":"{\"ev\":\"accepted\",\"id\":\"5d67f883-50d5-46c6-bad9-fec9372599de\",\"t\":1791212770711}","source":"console","time":"2026-10-05T15:06:10Z"}
{"level":"info","msg":"{\"ev\":\"accepted\",\"id\":\"e5f44fb6-c263-414b-848e-42e56d180279\",\"t\":1791212771348}","source":"console","time":"2026-10-05T15:06:11Z"}
{"level":"info","msg":"{\"ev\":\"accepted\",\"id\":\"1e3fa522-ee26-4e20-aa91-c4b9fbf9d33e\",\"t\":1791212772073}","source":"console","time":"2026-10-05T15:06:12Z"}
{"level":"info","msg":"{\"ev\":\"accepted\",\"id\":\"800442c0-59a0-4394-a505-6afd21ccfb8b\",\"t\":1791212772697}","source":"console","time":"2026-10-05T15:06:12Z"}
{"level":"info","msg":"{\"ev\":\"accepted\",\"id\":\"1ca52977-bfe3-44bb-acfb-56c6277adbbf\",\"t\":1791212773380}","source":"console","time":"2026-10-05T15:06:13Z"}
{"level":"info","msg":"{\"ev\":\"accepted\",\"id\":\"ab378770-3a9d-4414-b56f-f7c0c31ce2e8\",\"t\":1791212774039}","source":"console","time":"2026-10-05T15:06:14Z"}
{"level":"info","msg":"{\"ev\":\"accepted\",\"id\":\"f28c0568-75c3-404b-80d6-bdc41cfdfb18\",\"t\":1791212774683}","source":"console","time":"2026-10-05T15:06:14Z"}
{"level":"info","msg":"{\"ev\":\"accepted\",\"id\":\"69f20cfb-cbe4-44b8-8af2-5d445078df51\",\"t\":1791212775348}","source":"console","time":"2026-10-05T15:06:15Z"}
{"level":"info","msg":"{\"ev\":\"accepted\",\"id\":\"511ca193-fbab-44a8-8f21-889b6e8a0904\",\"t\":1791212776011}","source":"console","time":"2026-10-05T15:06:16Z"}
{"level":"info","msg":"{\"ev\":\"accepted\",\"id\":\"725afc7e-fbb8-4b2f-8de7-8929dbba803f\",\"t\":1791212776680}","source":"console","time":"2026-10-05T15:06:16Z"}
{"level":"info","msg":"{\"ev\":\"accepted\",\"id\":\"eae6e9dd-55f7-453d-b2f9-4a328b811daf\",\"t\":1791212777363}","source":"console","time":"2026-10-05T15:06:17Z"}
{"level":"info","msg":"{\"ev\":\"accepted\",\"id\":\"07e166b6-1652-4150-8404-664d4e74175c\",\"t\":1791212778014}","source":"console","time":"2026-10-05T15:06:18Z"}
{"level":"info","msg":"{\"ev\":\"accepted\",\"id\":\"07babb53-9a57-4307-ba65-523bf24de97f\",\"t\":1791212778687}","source":"console","time":"2026-10-05T15:06:18Z"}
{"level":"info","msg":"{\"ev\":\"accepted\",\"id\":\"a3e3338a-8069-40b9-835c-b1b77a778036\",\"t\":1791212779350}","source":"console","time":"2026-10-05T15:06:19Z"}
{"level":"info","msg":"{\"ev\":\"accepted\",\"id\":\"1a6d3242-eed8-4056-b294-649f31cc599a\",\"t\":1791212780015}","source":"console","time":"2026-10-05T15:06:20Z"}
{"level":"info","msg":"{\"ev\":\"accepted\",\"id\":\"89542223-0cd3-4a2d-9a13-b3ee3877b580\",\"t\":1791212780769}","source":"console","time":"2026-10-05T15:06:20Z"}
{"level":"info","msg":"{\"ev\":\"accepted\",\"id\":\"07eb5065-086e-4717-a305-f328c7b1aaf6\",\"t\":1791212781364}","source":"console","time":"2026-10-05T15:06:21Z"}
{"level":"info","msg":"{\"ev\":\"accepted\",\"id\":\"d0c75ece-eef4-4d0b-b585-bdd7072582b5\",\"t\":1791212782021}","source":"console","time":"2026-10-05T15:06:22Z"}
{"level":"info","msg":"{\"ev\":\"accepted\",\"id\":\"e516bd8e-18f1-4114-8d8a-db1372e43228\",\"t\":1791212782683}","source":"console","time":"2026-10-05T15:06:22Z"}
{"level":"info","msg":"{\"ev\":\"accepted\",\"id\":\"be8f5b73-70c7-46a7-9551-1a25cd1c3c08\",\"t\":1791212783352}","source":"console","time":"2026-10-05T15:06:23Z"}
{"level":"info","msg":"{\"ev\":\"accepted\",\"id\":\"b9a211ed-6383-40f8-ab51-f822a3a9f11b\",\"t\":1791212784015}","source":"console","time":"2026-10-05T15:06:24Z"}
{"level":"info","msg":"{\"ev\":\"accepted\",\"id\":\"f3f18bfc-e71e-417f-a888-5caf3d02260f\",\"t\":1791212784680}","source":"console","time":"2026-10-05T15:06:24Z"}
{"level":"info","msg":"{\"ev\":\"accepted\",\"id\":\"221d5cdf-3a8c-4732-b5fc-dc57f8bb6977\",\"t\":1791212785379}","source":"console","time":"2026-10-05T15:06:25Z"}
{"level":"info","msg":"{\"ev\":\"accepted\",\"id\":\"d396c024-057d-4cc3-a1d6-4e4b7ea15edd\",\"t\":1791212786018}","source":"console","time":"2026-10-05T15:06:26Z"}
{"level":"info","msg":"{\"ev\":\"accepted\",\"id\":\"b4520451-0af6-49b1-8237-18840a227ecb\",\"t\":1791212786696}","source":"console","time":"2026-10-05T15:06:26Z"}
{"level":"info","msg":"{\"ev\":\"accepted\",\"id\":\"17f8ed7e-b417-4172-97f8-5b6c68111668\",\"t\":1791212787347}","source":"console","time":"2026-10-05T15:06:27Z"}
{"level":"info","msg":"{\"ev\":\"accepted\",\"id\":\"2594cf8a-c906-4c31-bfde-cc1cff37dae7\",\"t\":1791212788014}","source":"console","time":"2026-10-05T15:06:28Z"}
{"level":"info","msg":"{\"ev\":\"accepted\",\"id\":\"b3f478f0-3ed3-40d7-bf85-23355f7d1859\",\"t\":1791212788683}","source":"console","time":"2026-10-05T15:06:28Z"}
{"level":"info","msg":"{\"ev\":\"accepted\",\"id\":\"cbc65b8e-1555-4172-a8a2-eebbe72fb306\",\"t\":1791212789347}","source":"console","time":"2026-10-05T15:06:29Z"}
{"level":"info","msg":"{\"ev\":\"accepted\",\"id\":\"3b66dc8a-7411-4e33-a432-acd48abfee03\",\"t\":1791212790018}","source":"console","time":"2026-10-05T15:06:30Z"}
{"level":"info","msg":"{\"ev\":\"accepted\",\"id\":\"b4f975bf-eeed-42d7-a8e4-048bf0f2a060\",\"t\":1791212790681}","source":"console","time":"2026-10-05T15:06:30Z"}
{"level":"info","msg":"{\"ev\":\"accepted\",\"id\":\"451191be-be75-48b5-a7d3-cddfd783050f\",\"t\":1791212791351}","source":"console","time":"2026-10-05T15:06:31Z"}
{"level":"info","msg":"{\"ev\":\"accepted\",\"id\":\"a352eb73-a0c8-4159-ae78-ffee69c5cecf\",\"t\":1791212792024}","source":"console","time":"2026-10-05T15:06:32Z"}
{"level":"info","msg":"{\"ev\":\"accepted\",\"id\":\"0df5e0f2-82b9-488f-956b-235c619fcdfe\",\"t\":1791212792682}","source":"console","time":"2026-10-05T15:06:32Z"}
{"level":"info","msg":"{\"ev\":\"accepted\",\"id\":\"cabd90c9-e54e-45fd-936a-95ca7e0eea5d\",\"t\":1791212793345}","source":"console","time":"2026-10-05T15:06:33Z"}
{"level":"info","msg":"{\"ev\":\"accepted\",\"id\":\"27539ea6-9ae4-42bf-8b37-fec0b8dcd563\",\"t\":1791212794053}","source":"console","time":"2026-10-05T15:06:34Z"}
{"level":"info","msg":"{\"ev\":\"accepted\",\"id\":\"1247f08d-8f6a-4839-93ed-5d7778d506ee\",\"t\":1791212794682}","source":"console","time":"2026-10-05T15:06:34Z"}
{"level":"info","msg":"{\"ev\":\"accepted\",\"id\":\"d037b814-f05b-4b25-9063-96176ea40f6f\",\"t\":1791212795346}","source":"console","time":"2026-10-05T15:06:35Z"}
{"level":"info","msg":"{\"ev\":\"accepted\",\"id\":\"d31eac1c-a89b-47d9-b299-3b0e2e1193c3\",\"t\":1791212796033}","source":"console","time":"2026-10-05T15:06:36Z"}
{"level":"info","msg":"{\"ev\":\"accepted\",\"id\":\"c21511e5-8501-4ee2-a4a3-fe97cc4e74b0\",\"t\":1791212796696}","source":"console","time":"2026-10-05T15:06:36Z"}
{"level":"info","msg":"{\"ev\":\"accepted\",\"id\":\"8805737c-74c0-44a2-8818-f5df29af91cd\",\"t\":1791212797347}","source":"console","time":"2026-10-05T15:06:37Z"}
{"level":"info","msg":"{\"ev\":\"accepted\",\"id\":\"2f7936a9-61d6-46d6-8cbd-6f5c9bb3f29d\",\"t\":1791212798026}","source":"console","time":"2026-10-05T15:06:38Z"}
{"level":"info","msg":"{\"ev\":\"accepted\",\"id\":\"62b40516-fef6-49c4-8c84-77a1a2d0a127\",\"t\":1791212798697}","source":"console","time":"2026-10-05T15:06:38Z"}
{"level":"info","msg":"{\"ev\":\"accepted\",\"id\":\"f7d59f8b-6a65-4ced-aa58-9eb72fa53d21\",\"t\":1791212799345}","source":"console","time":"2026-10-05T15:06:39Z"}
{"level":"info","msg":"{\"ev\":\"accepted\",\"id\":\"77641602-1a01-4b64-9b65-5a5bc9e71b25\",\"t\":1791212800020}","source":"console","time":"2026-10-05T15:06:40Z"}
{"level":"info","msg":"{\"ev\":\"accepted\",\"id\":\"98e78d80-ecdf-467c-a8a6-3107584b9031\",\"t\":1791212800681}","source":"console","time":"2026-10-05T15:06:40Z"}
{"level":"info","msg":"{\"ev\":\"accepted\",\"id\":\"82a55dcd-8c9a-4881-bae2-a5f0bbd075ee\",\"t\":1791212801344}","source":"console","time":"2026-10-05T15:06:41Z"}
{"level":"info","msg":"{\"ev\":\"accepted\",\"id\":\"33ca0df1-7374-43a4-b36f-853e9cc42e30\",\"t\":1791212802014}","source":"console","time":"2026-10-05T15:06:42Z"}
{"level":"info","msg":"{\"ev\":\"accepted\",\"id\":\"08c53989-d3d5-4217-9201-b61440687769\",\"t\":1791212802692}","source":"console","time":"2026-10-05T15:06:42Z"}
{"level":"info","msg":"{\"ev\":\"accepted\",\"id\":\"fb180fa3-4e8c-45b1-b561-4a283489f155\",\"t\":1791212803361}","source":"console","time":"2026-10-05T15:06:43Z"}
{"level":"info","msg":"{\"ev\":\"accepted\",\"id\":\"6ebc5109-d38f-4b60-ab85-708b0521f184\",\"t\":1791212804014}","source":"console","time":"2026-10-05T15:06:44Z"}
{"level":"info","msg":"{\"ev\":\"accepted\",\"id\":\"4d5b29c2-2a79-44b5-a89b-f44d48f89c12\",\"t\":1791212804687}","source":"console","time":"2026-10-05T15:06:44Z"}
{"level":"info","msg":"{\"ev\":\"accepted\",\"id\":\"418e872b-e408-465a-96bf-e80b584115c8\",\"t\":1791212805356}","source":"console","time":"2026-10-05T15:06:45Z"}
{"level":"info","msg":"{\"ev\":\"accepted\",\"id\":\"0e441c61-1a26-430c-a305-793ef13f1be0\",\"t\":1791212806012}","source":"console","time":"2026-10-05T15:06:46Z"}
{"level":"info","msg":"{\"ev\":\"accepted\",\"id\":\"896cb05c-3c6f-4ff1-a199-dcd0cf9917d6\",\"t\":1791212806684}","source":"console","time":"2026-10-05T15:06:46Z"}
{"level":"info","msg":"{\"ev\":\"accepted\",\"id\":\"96ff6ab2-2783-49ae-ba22-3b6591bbc73a\",\"t\":1791212807324}","source":"console","time":"2026-10-05T15:06:47Z"}
{"level":"info","msg":"{\"ev\":\"accepted\",\"id\":\"59cd9460-cb34-4320-adde-ca60d5524085\",\"t\":1791212807949}","source":"console","time":"2026-10-05T15:06:47Z"}
{"level":"info","msg":"{\"ev\":\"accepted\",\"id\":\"12e80b44-0eb0-4d1e-8938-9d10d2b4aa77\",\"t\":1791212808576}","source":"console","time":"2026-10-05T15:06:48Z"}
{"level":"info","msg":"{\"ev\":\"accepted\",\"id\":\"64583b92-5dc7-42a2-9817-33127660b84f\",\"t\":1791212809124}","source":"console","time":"2026-10-05T15:06:49Z"}
{"level":"info","msg":"{\"ev\":\"accepted\",\"id\":\"c8d2e1dd-0372-4df9-a8fb-2405597c4673\",\"t\":1791212809685}","source":"console","time":"2026-10-05T15:06:49Z"}
{"level":"info","msg":"{\"ev\":\"accepted\",\"id\":\"f55ed870-2105-4355-95c6-6d9f531fd264\",\"t\":1791212810248}","source":"console","time":"2026-10-05T15:06:50Z"}
{"level":"info","msg":"{\"ev\":\"accepted\",\"id\":\"ed24172d-0077-41d8-87a1-018edff749c4\",\"t\":1791212810752}","source":"console","time":"2026-10-05T15:06:50Z"}
{"level":"info","msg":"{\"ev\":\"accepted\",\"id\":\"1f18079e-3a65-4a35-98da-a27ca687dd1c\",\"t\":1791212811272}","source":"console","time":"2026-10-05T15:06:51Z"}
{"level":"info","msg":"{\"ev\":\"accepted\",\"id\":\"82f34c5e-dabd-4024-9e8b-c227cfa59b41\",\"t\":1791212811760}","source":"console","time":"2026-10-05T15:06:51Z"}
{"level":"info","msg":"{\"ev\":\"accepted\",\"id\":\"cc4e2914-de5c-4b28-b251-a16e73263047\",\"t\":1791212812262}","source":"console","time":"2026-10-05T15:06:52Z"}
{"level":"info","msg":"{\"ev\":\"accepted\",\"id\":\"d3973a63-7b34-4820-8857-656e6e6ff43f\",\"t\":1791212812761}","source":"console","time":"2026-10-05T15:06:52Z"}
{"level":"info","msg":"{\"ev\":\"accepted\",\"id\":\"14a228cd-0391-43b7-a092-16da099f81c1\",\"t\":1791212813261}","source":"console","time":"2026-10-05T15:06:53Z"}
{"level":"info","msg":"{\"ev\":\"accepted\",\"id\":\"ad22a103-21c2-4ca1-9b1c-6baa10b2d49d\",\"t\":1791212813761}","source":"console","time":"2026-10-05T15:06:53Z"}
{"level":"info","msg":"{\"ev\":\"accepted\",\"id\":\"2f212048-28cb-4f21-9ecb-f312359e79e1\",\"t\":1791212814261}","source":"console","time":"2026-10-05T15:06:54Z"}
{"level":"info","msg":"{\"ev\":\"accepted\",\"id\":\"05d63026-c2c1-4108-9f9b-7c7a5e1f2023\",\"t\":1791212814786}","source":"console","time":"2026-10-05T15:06:54Z"}
{"level":"info","msg":"{\"ev\":\"accepted\",\"id\":\"adf0173e-4686-4b31-ae68-afa087edbec5\",\"t\":1791212815295}","source":"console","time":"2026-10-05T15:06:55Z"}
{"level":"info","msg":"{\"ev\":\"accepted\",\"id\":\"6c797190-36ba-48f8-be2d-9e8a9ddc631a\",\"t\":1791212815799}","source":"console","time":"2026-10-05T15:06:55Z"}
{"level":"info","msg":"{\"ev\":\"accepted\",\"id\":\"f1721982-922f-437b-a191-cfcbd42ab1db\",\"t\":1791212816293}","source":"console","time":"2026-10-05T15:06:56Z"}
{"level":"info","msg":"{\"ev\":\"accepted\",\"id\":\"69777e19-b135-4bf2-ade3-f64c06c7c41f\",\"t\":1791212816803}","source":"console","time":"2026-10-05T15:06:56Z"}
{"level":"info","msg":"{\"ev\":\"accepted\",\"id\":\"b90538d7-2444-41e5-b615-e8fb28b98990\",\"t\":1791212817322}","source":"console","time":"2026-10-05T15:06:57Z"}
{"level":"info","msg":"{\"ev\":\"accepted\",\"id\":\"a7597334-d59f-4f2e-8424-054faab45b6f\",\"t\":1791212817775}","source":"console","time":"2026-10-05T15:06:57Z"}
{"level":"info","msg":"{\"ev\":\"accepted\",\"id\":\"64c3a4f2-539d-4d52-91da-a8bc677f7380\",\"t\":1791212818272}","source":"console","time":"2026-10-05T15:06:58Z"}
{"level":"info","msg":"{\"ev\":\"accepted\",\"id\":\"93b25b01-e7bd-4746-9566-74a319d93650\",\"t\":1791212818771}","source":"console","time":"2026-10-05T15:06:58Z"}
{"level":"info","msg":"{\"ev\":\"accepted\",\"id\":\"7c6e3d6e-d38a-4932-91ab-7d73239e287a\",\"t\":1791212819304}","source":"console","time":"2026-10-05T15:06:59Z"}
{"level":"info","msg":"{\"ev\":\"accepted\",\"id\":\"e2425c6e-2f67-4dad-aaa3-44523782d5c6\",\"t\":1791212819767}","source":"console","time":"2026-10-05T15:06:59Z"}
{"level":"info","msg":"{\"ev\":\"accepted\",\"id\":\"2a237146-09c9-4f21-99cd-af1f8bee4338\",\"t\":1791212820314}","source":"console","time":"2026-10-05T15:07:00Z"}
{"level":"info","msg":"{\"ev\":\"accepted\",\"id\":\"c1991c09-8c7d-43b2-9f2a-bf55d03e922a\",\"t\":1791212820846}","source":"console","time":"2026-10-05T15:07:00Z"}
{"level":"info","msg":"{\"ev\":\"accepted\",\"id\":\"326d6c6c-b8d7-4a9a-aa42-a12d95c3a9d8\",\"t\":1791212821299}","source":"console","time":"2026-10-05T15:07:01Z"}
{"level":"info","msg":"{\"ev\":\"accepted\",\"id\":\"ed1f3bbb-e06f-4a35-b14a-113c1a92531c\",\"t\":1791212821764}","source":"console","time":"2026-10-05T15:07:01Z"}
{"level":"info","msg":"{\"ev\":\"accepted\",\"id\":\"7c326155-af56-4578-b675-030016f35f9d\",\"t\":1791212822259}","source":"console","time":"2026-10-05T15:07:02Z"}
{"level":"info","msg":"{\"ev\":\"accepted\",\"id\":\"0fb35057-a962-4f34-a911-0c90bccbe095\",\"t\":1791212822775}","source":"console","time":"2026-10-05T15:07:02Z"}
{"level":"info","msg":"{\"ev\":\"accepted\",\"id\":\"9ac9b653-8b37-49fe-9641-d4a2ebadce82\",\"t\":1791212823260}","source":"console","time":"2026-10-05T15:07:03Z"}
{"level":"info","msg":"{\"ev\":\"accepted\",\"id\":\"495ee365-c608-478b-b43c-32853332566f\",\"t\":1791212823763}","source":"console","time":"2026-10-05T15:07:03Z"}
{"level":"info","msg":"{\"ev\":\"accepted\",\"id\":\"e6f20ad4-b638-446b-80b7-b6898ca294fc\",\"t\":1791212824273}","source":"console","time":"2026-10-05T15:07:04Z"}
{"level":"info","msg":"{\"ev\":\"accepted\",\"id\":\"40271efd-9fed-4d08-a999-607985fd6874\",\"t\":1791212824765}","source":"console","time":"2026-10-05T15:07:04Z"}
{"level":"info","msg":"{\"ev\":\"accepted\",\"id\":\"fa36881a-aa9f-484d-bab8-77aa0ea1bc2d\",\"t\":1791212825262}","source":"console","time":"2026-10-05T15:07:05Z"}
{"level":"info","msg":"{\"ev\":\"accepted\",\"id\":\"8f0e5163-5ea7-45f9-9810-c70ec56f7d45\",\"t\":1791212825782}","source":"console","time":"2026-10-05T15:07:05Z"}
{"level":"info","msg":"{\"ev\":\"accepted\",\"id\":\"6c1a6a70-b584-4749-aaa7-5447b64e761b\",\"t\":1791212826265}","source":"console","time":"2026-10-05T15:07:06Z"}
{"level":"info","msg":"{\"ev\":\"accepted\",\"id\":\"0ebf6081-361f-4d74-9a45-b7f05a1ec938\",\"t\":1791212826772}","source":"console","time":"2026-10-05T15:07:06Z"}
{"level":"info","msg":"{\"ev\":\"accepted\",\"id\":\"7bb07020-3567-43fb-9592-20f0582c3961\",\"t\":1791212827272}","source":"console","time":"2026-10-05T15:07:07Z"}
{"level":"info","msg":"{\"ev\":\"accepted\",\"id\":\"007ecbc4-2ab5-43de-80bd-248c902f840d\",\"t\":1791212827802}","source":"console","time":"2026-10-05T15:07:07Z"}
{"level":"info","msg":"{\"ev\":\"accepted\",\"id\":\"c5ee4272-5772-490a-b51b-73248ca7cdfd\",\"t\":1791212828266}","source":"console","time":"2026-10-05T15:07:08Z"}
{"level":"info","msg":"{\"ev\":\"accepted\",\"id\":\"53ea0420-b090-4910-98ad-2dbc93e5dfb5\",\"t\":1791212828761}","source":"console","time":"2026-10-05T15:07:08Z"}
{"level":"info","msg":"{\"ev\":\"accepted\",\"id\":\"e4afd0d3-870a-47fc-bff9-b7142e8aed8a\",\"t\":1791212829261}","source":"console","time":"2026-10-05T15:07:09Z"}
{"level":"info","msg":"{\"ev\":\"accepted\",\"id\":\"1d2c50b8-2246-401d-ac5c-cf102d605147\",\"t\":1791212829776}","source":"console","time":"2026-10-05T15:07:09Z"}
{"level":"info","msg":"{\"ev\":\"accepted\",\"id\":\"02b7864c-8a39-41fe-9544-3f2d710733a5\",\"t\":1791212830270}","source":"console","time":"2026-10-05T15:07:10Z"}
{"level":"info","msg":"{\"ev\":\"accepted\",\"id\":\"791acea4-c16e-451c-9226-d507f22bdb78\",\"t\":1791212830776}","source":"console","time":"2026-10-05T15:07:10Z"}
{"level":"info","msg":"{\"ev\":\"accepted\",\"id\":\"db223838-dd12-4f28-a034-1a485e83b81c\",\"t\":1791212831270}","source":"console","time":"2026-10-05T15:07:11Z"}
{"level":"info","msg":"{\"ev\":\"accepted\",\"id\":\"651615e3-6e31-4454-a931-c2d67a160e8a\",\"t\":1791212831775}","source":"console","time":"2026-10-05T15:07:11Z"}
{"level":"info","msg":"{\"ev\":\"accepted\",\"id\":\"0bd78f26-6f76-4042-8e64-600cc887162a\",\"t\":1791212832264}","source":"console","time":"2026-10-05T15:07:12Z"}
{"level":"info","msg":"{\"ev\":\"accepted\",\"id\":\"d81c89a1-6e3d-4853-880c-4c432c43f045\",\"t\":1791212832784}","source":"console","time":"2026-10-05T15:07:12Z"}
{"level":"info","msg":"{\"ev\":\"accepted\",\"id\":\"031ea656-4a74-4b4b-b0e9-8d8a2b3f324e\",\"t\":1791212833265}","source":"console","time":"2026-10-05T15:07:13Z"}
{"level":"info","msg":"{\"ev\":\"accepted\",\"id\":\"0e55984a-6b50-4a66-aadf-b8ffd46993bc\",\"t\":1791212833771}","source":"console","time":"2026-10-05T15:07:13Z"}
{"level":"info","msg":"{\"ev\":\"accepted\",\"id\":\"d431afa3-f929-411f-97ae-e678a06d1a9e\",\"t\":1791212834264}","source":"console","time":"2026-10-05T15:07:14Z"}
{"level":"info","msg":"{\"ev\":\"accepted\",\"id\":\"2708d89c-6257-446a-a965-4367bc4c18cb\",\"t\":1791212834762}","source":"console","time":"2026-10-05T15:07:14Z"}
{"level":"info","msg":"{\"ev\":\"accepted\",\"id\":\"045973ab-c95e-462b-ad0e-31fa9f652e61\",\"t\":1791212835266}","source":"console","time":"2026-10-05T15:07:15Z"}
{"level":"info","msg":"{\"ev\":\"accepted\",\"id\":\"4745279c-619f-4d73-b19c-c9ffcd4d70a9\",\"t\":1791212835761}","source":"console","time":"2026-10-05T15:07:15Z"}
{"level":"info","msg":"{\"ev\":\"accepted\",\"id\":\"b2271dcd-34df-4d34-bc71-466ec32b7034\",\"t\":1791212836282}","source":"console","time":"2026-10-05T15:07:16Z"}
{"level":"info","msg":"{\"ev\":\"accepted\",\"id\":\"c74862ea-144c-491e-b921-cfb40ee3f215\",\"t\":1791212836770}","source":"console","time":"2026-10-05T15:07:16Z"}
{"level":"info","msg":"{\"ev\":\"accepted\",\"id\":\"e737cdcf-83e8-4ecd-af1f-9526fe2ae85c\",\"t\":1791212837269}","source":"console","time":"2026-10-05T15:07:17Z"}
{"level":"info","msg":"{\"ev\":\"accepted\",\"id\":\"7870b75a-1d2a-41b2-b38b-88213a8aa151\",\"t\":1791212837765}","source":"console","time":"2026-10-05T15:07:17Z"}
{"level":"info","msg":"{\"ev\":\"accepted\",\"id\":\"99c08343-7304-41d0-a0be-fb3b1c66950e\",\"t\":1791212838268}","source":"console","time":"2026-10-05T15:07:18Z"}
{"level":"info","msg":"{\"ev\":\"accepted\",\"id\":\"5ef5f80d-d935-4599-8e90-5fcbf17f4cc6\",\"t\":1791212838762}","source":"console","time":"2026-10-05T15:07:18Z"}
{"level":"info","msg":"{\"ev\":\"accepted\",\"id\":\"23ea29ab-d7ea-4c9e-9855-1c4ccb4adece\",\"t\":1791212839264}","source":"console","time":"2026-10-05T15:07:19Z"}
{"level":"info","msg":"{\"ev\":\"accepted\",\"id\":\"a2dbb85c-6f7a-45c2-b38a-67104cef3329\",\"t\":1791212839760}","source":"console","time":"2026-10-05T15:07:19Z"}
{"level":"info","msg":"{\"ev\":\"accepted\",\"id\":\"fd0ca8b5-4013-4f63-8d6d-206b35e1089f\",\"t\":1791212840276}","source":"console","time":"2026-10-05T15:07:20Z"}
{"level":"info","msg":"{\"ev\":\"accepted\",\"id\":\"4b97945f-44f9-4a22-84e6-85cfcfa99816\",\"t\":1791212840772}","source":"console","time":"2026-10-05T15:07:20Z"}
{"level":"info","msg":"{\"ev\":\"accepted\",\"id\":\"8988825d-393d-498d-8738-d1a35431849a\",\"t\":1791212841270}","source":"console","time":"2026-10-05T15:07:21Z"}
{"level":"info","msg":"{\"ev\":\"accepted\",\"id\":\"04b6fbc3-4df4-45e4-b041-e8bee0751b76\",\"t\":1791212841782}","source":"console","time":"2026-10-05T15:07:21Z"}
{"level":"info","msg":"{\"ev\":\"accepted\",\"id\":\"1d376d2e-1982-4423-8a4d-a3c895818449\",\"t\":1791212842260}","source":"console","time":"2026-10-05T15:07:22Z"}
{"level":"info","msg":"{\"ev\":\"accepted\",\"id\":\"cb8808c2-183d-4d1f-8c18-9e955e8497c3\",\"t\":1791212842777}","source":"console","time":"2026-10-05T15:07:22Z"}
{"level":"info","msg":"{\"ev\":\"accepted\",\"id\":\"39e89121-e700-4023-9567-72d5b62ec66a\",\"t\":1791212843261}","source":"console","time":"2026-10-05T15:07:23Z"}
{"level":"info","msg":"{\"ev\":\"accepted\",\"id\":\"4e520b45-100e-44af-8665-1b409dcb34a8\",\"t\":1791212843765}","source":"console","time":"2026-10-05T15:07:23Z"}
{"level":"info","msg":"{\"ev\":\"accepted\",\"id\":\"392d9353-df1d-4e5a-b224-588901805b17\",\"t\":1791212844266}","source":"console","time":"2026-10-05T15:07:24Z"}
{"level":"info","msg":"{\"ev\":\"accepted\",\"id\":\"82c02591-fbc5-496d-8290-dac8512294bf\",\"t\":1791212844769}","source":"console","time":"2026-10-05T15:07:24Z"}
{"level":"info","msg":"{\"ev\":\"accepted\",\"id\":\"d81815cd-821c-4448-bd93-ec1875d41a04\",\"t\":1791212845269}","source":"console","time":"2026-10-05T15:07:25Z"}
{"level":"info","msg":"{\"ev\":\"accepted\",\"id\":\"50ff1bcc-e89c-42be-861e-6581cedc6702\",\"t\":1791212845772}","source":"console","time":"2026-10-05T15:07:25Z"}
{"level":"info","msg":"{\"ev\":\"accepted\",\"id\":\"119cfea5-d7e9-4722-a787-50e9ea291473\",\"t\":1791212846268}","source":"console","time":"2026-10-05T15:07:26Z"}
{"level":"info","msg":"{\"ev\":\"accepted\",\"id\":\"47544421-f2f9-4ff7-a216-c1e55734936a\",\"t\":1791212846760}","source":"console","time":"2026-10-05T15:07:26Z"}
{"level":"info","msg":"{\"ev\":\"accepted\",\"id\":\"0a0ee4fc-bb35-4db8-9f9c-9d9b6c76f74a\",\"t\":1791212847265}","source":"console","time":"2026-10-05T15:07:27Z"}
{"level":"info","msg":"{\"ev\":\"accepted\",\"id\":\"1928081d-be06-430b-bc5f-0742896148cd\",\"t\":1791212847759}","source":"console","time":"2026-10-05T15:07:27Z"}
{"level":"info","msg":"{\"ev\":\"accepted\",\"id\":\"7e98411c-1388-40e0-8e21-46e92f3ce040\",\"t\":1791212848260}","source":"console","time":"2026-10-05T15:07:28Z"}
{"level":"info","msg":"{\"ev\":\"accepted\",\"id\":\"e85ddf2f-dfe4-4990-9ef8-20b9900efbcf\",\"t\":1791212848761}","source":"console","time":"2026-10-05T15:07:28Z"}
{"level":"info","msg":"{\"ev\":\"accepted\",\"id\":\"66289015-1df8-4775-91a6-31bfef929a7a\",\"t\":1791212849258}","source":"console","time":"2026-10-05T15:07:29Z"}
{"level":"info","msg":"{\"ev\":\"accepted\",\"id\":\"c046928c-1ea5-4504-b687-84ee441ed75f\",\"t\":1791212849792}","source":"console","time":"2026-10-05T15:07:29Z"}
{"level":"info","msg":"{\"ev\":\"accepted\",\"id\":\"0c26e257-c23a-48db-ac00-cf3381f1b19b\",\"t\":1791212850263}","source":"console","time":"2026-10-05T15:07:30Z"}
{"level":"info","msg":"{\"ev\":\"accepted\",\"id\":\"c5ed2ee3-5f30-450f-a9a9-4106a3cd7379\",\"t\":1791212850758}","source":"console","time":"2026-10-05T15:07:30Z"}
{"level":"info","msg":"{\"ev\":\"accepted\",\"id\":\"85888444-9bc3-48ec-a6ba-618d5e7e25d3\",\"t\":1791212851271}","source":"console","time":"2026-10-05T15:07:31Z"}
{"level":"info","msg":"{\"ev\":\"accepted\",\"id\":\"62544cc4-1ab6-4f69-bff3-4773180a147a\",\"t\":1791212851760}","source":"console","time":"2026-10-05T15:07:31Z"}
{"level":"info","msg":"{\"ev\":\"accepted\",\"id\":\"7893a403-b863-4000-8b44-b5e8009c54e3\",\"t\":1791212852268}","source":"console","time":"2026-10-05T15:07:32Z"}
{"level":"info","msg":"{\"ev\":\"accepted\",\"id\":\"9a2a94f4-cf5f-4a79-9b5c-f4b9f3677843\",\"t\":1791212852773}","source":"console","time":"2026-10-05T15:07:32Z"}
{"level":"info","msg":"{\"ev\":\"accepted\",\"id\":\"dfd0f0a0-cf44-4070-ac49-e4ab8a4f766a\",\"t\":1791212853268}","source":"console","time":"2026-10-05T15:07:33Z"}
{"level":"info","msg":"{\"ev\":\"accepted\",\"id\":\"e95f01c8-e2c4-442c-90a7-f25eef51fe5c\",\"t\":1791212853763}","source":"console","time":"2026-10-05T15:07:33Z"}
{"level":"info","msg":"{\"ev\":\"accepted\",\"id\":\"33fa3cc2-9b30-4f2a-99f8-d34a99090af8\",\"t\":1791212854258}","source":"console","time":"2026-10-05T15:07:34Z"}
{"level":"info","msg":"{\"ev\":\"accepted\",\"id\":\"7ba21670-7fdb-4f62-baeb-300625dee2a8\",\"t\":1791212854759}","source":"console","time":"2026-10-05T15:07:34Z"}
{"level":"info","msg":"{\"ev\":\"accepted\",\"id\":\"4df378c5-3f90-47e2-a865-c18c09a8b6e4\",\"t\":1791212855263}","source":"console","time":"2026-10-05T15:07:35Z"}
{"level":"info","msg":"{\"ev\":\"accepted\",\"id\":\"5782833c-6858-43ae-8144-348891d4e1b9\",\"t\":1791212855766}","source":"console","time":"2026-10-05T15:07:35Z"}
{"level":"info","msg":"{\"ev\":\"accepted\",\"id\":\"7b84a16e-187f-44ee-8e95-173b648b237a\",\"t\":1791212856265}","source":"console","time":"2026-10-05T15:07:36Z"}
{"level":"info","msg":"{\"ev\":\"accepted\",\"id\":\"6e9a97dd-289e-4508-959f-4fb9381e608d\",\"t\":1791212856773}","source":"console","time":"2026-10-05T15:07:36Z"}
{"level":"info","msg":"{\"ev\":\"accepted\",\"id\":\"fcf7ad55-aaaf-4c8b-a81e-74a2b7a47c0c\",\"t\":1791212857270}","source":"console","time":"2026-10-05T15:07:37Z"}
{"level":"info","msg":"{\"ev\":\"accepted\",\"id\":\"9899d026-9c68-4891-8cb1-ca395cb8be6b\",\"t\":1791212857764}","source":"console","time":"2026-10-05T15:07:37Z"}
{"level":"info","msg":"{\"ev\":\"accepted\",\"id\":\"9e6a1428-0c16-4fcc-87b3-0981a83d1a60\",\"t\":1791212858262}","source":"console","time":"2026-10-05T15:07:38Z"}
{"level":"info","msg":"{\"ev\":\"accepted\",\"id\":\"436b2941-db7d-4383-8ce8-33499cbf2dee\",\"t\":1791212858762}","source":"console","time":"2026-10-05T15:07:38Z"}
{"level":"info","msg":"{\"ev\":\"accepted\",\"id\":\"a4380b17-2338-489e-97c3-9b4a856dc132\",\"t\":1791212859277}","source":"console","time":"2026-10-05T15:07:39Z"}
{"level":"info","msg":"{\"ev\":\"accepted\",\"id\":\"3f581ebd-6ca3-4034-b142-1ea907bcea22\",\"t\":1791212859760}","source":"console","time":"2026-10-05T15:07:39Z"}
{"level":"info","msg":"{\"ev\":\"accepted\",\"id\":\"b52f9d47-a38e-4de5-84ef-7d88dcc7167b\",\"t\":1791212860258}","source":"console","time":"2026-10-05T15:07:40Z"}
{"level":"info","msg":"{\"ev\":\"accepted\",\"id\":\"da2ce080-a030-4602-a72a-da669a2b21f6\",\"t\":1791212860759}","source":"console","time":"2026-10-05T15:07:40Z"}
{"level":"info","msg":"{\"ev\":\"accepted\",\"id\":\"fdaff8cc-1717-4cf5-b1d3-51f6ad6eecd5\",\"t\":1791212861262}","source":"console","time":"2026-10-05T15:07:41Z"}
{"level":"info","msg":"{\"ev\":\"accepted\",\"id\":\"41772fc9-0d1e-4305-a2e9-6b8140c32ebf\",\"t\":1791212861787}","source":"console","time":"2026-10-05T15:07:41Z"}
{"level":"info","msg":"{\"ev\":\"accepted\",\"id\":\"ee0b78c6-9b21-4d59-b768-5a1667dfe724\",\"t\":1791212862264}","source":"console","time":"2026-10-05T15:07:42Z"}
{"level":"info","msg":"{\"ev\":\"accepted\",\"id\":\"d5c40505-4539-49e7-a5f3-94622fcee6ab\",\"t\":1791212862760}","source":"console","time":"2026-10-05T15:07:42Z"}
{"level":"info","msg":"{\"ev\":\"accepted\",\"id\":\"6bb840f0-9113-4dbe-b55d-5ece9b896b0d\",\"t\":1791212863256}","source":"console","time":"2026-10-05T15:07:43Z"}
{"level":"info","msg":"{\"ev\":\"accepted\",\"id\":\"199fa55c-31c2-4d19-ab37-d572187ae6d2\",\"t\":1791212863760}","source":"console","time":"2026-10-05T15:07:43Z"}
{"level":"info","msg":"{\"ev\":\"accepted\",\"id\":\"76e84374-abff-4787-9b24-79401ed4ec6c\",\"t\":1791212864275}","source":"console","time":"2026-10-05T15:07:44Z"}
{"level":"info","msg":"{\"ev\":\"accepted\",\"id\":\"48ba11ea-e6fd-4e0f-9960-071360719ccb\",\"t\":1791212864761}","source":"console","time":"2026-10-05T15:07:44Z"}
{"level":"info","msg":"{\"ev\":\"accepted\",\"id\":\"0bf74664-409f-4ff8-ba39-3399b28514b4\",\"t\":1791212865265}","source":"console","time":"2026-10-05T15:07:45Z"}
{"level":"info","msg":"{\"ev\":\"accepted\",\"id\":\"01b127e1-d5b8-4f51-9045-f6767e401dcc\",\"t\":1791212865770}","source":"console","time":"2026-10-05T15:07:45Z"}
{"level":"info","msg":"{\"ev\":\"accepted\",\"id\":\"baa05faf-ecba-482b-8a23-7089302cbbf9\",\"t\":1791212866258}","source":"console","time":"2026-10-05T15:07:46Z"}
{"level":"info","msg":"{\"ev\":\"accepted\",\"id\":\"b1b26d18-7e8e-4cca-8218-35341ae5e83f\",\"t\":1791212866772}","source":"console","time":"2026-10-05T15:07:46Z"}
{"level":"info","msg":"{\"ev\":\"accepted\",\"id\":\"55362bab-a3ae-4e12-ba3a-daf25c8b62f1\",\"t\":1791212867270}","source":"console","time":"2026-10-05T15:07:47Z"}
{"level":"info","msg":"{\"ev\":\"accepted\",\"id\":\"4099a871-7629-4abe-9295-f6ffec3c02c9\",\"t\":1791212867769}","source":"console","time":"2026-10-05T15:07:47Z"}
{"level":"info","msg":"{\"ev\":\"accepted\",\"id\":\"1e37c89a-437d-4116-8377-3f5a9660b7ff\",\"t\":1791212868271}","source":"console","time":"2026-10-05T15:07:48Z"}
{"level":"info","msg":"{\"ev\":\"accepted\",\"id\":\"8aaa3253-389c-4695-9f16-46e755d0427f\",\"t\":1791212868765}","source":"console","time":"2026-10-05T15:07:48Z"}
{"level":"info","msg":"{\"ev\":\"accepted\",\"id\":\"bd02756d-1ec5-4f2e-99f0-260aab3764ac\",\"t\":1791212869257}","source":"console","time":"2026-10-05T15:07:49Z"}
{"level":"info","msg":"{\"ev\":\"accepted\",\"id\":\"0a9671d9-e27e-436a-8338-efef06b4e9c6\",\"t\":1791212869766}","source":"console","time":"2026-10-05T15:07:49Z"}
{"level":"info","msg":"{\"ev\":\"accepted\",\"id\":\"d670f06c-dfe0-4265-bfdb-37bc8aeba9e3\",\"t\":1791212870262}","source":"console","time":"2026-10-05T15:07:50Z"}
{"level":"info","msg":"{\"ev\":\"accepted\",\"id\":\"5f2c32d2-5a64-47c6-b02a-2220ce611eb6\",\"t\":1791212870763}","source":"console","time":"2026-10-05T15:07:50Z"}
{"level":"info","msg":"{\"ev\":\"accepted\",\"id\":\"b6116b3c-e482-4983-ae57-c7e4dacb28ab\",\"t\":1791212871259}","source":"console","time":"2026-10-05T15:07:51Z"}
