[09:56:12] up --history
[09:56:13] starting oj-bench on fresh volumes
 Network oj-net Creating 
 Network oj-net Created 
 Network oj-sandbox-net Creating 
 Network oj-sandbox-net Created 
 Volume oj-bench_miniodata Creating 
 Volume oj-bench_miniodata Created 
 Volume oj-bench_submissiondata Creating 
 Volume oj-bench_submissiondata Created 
 Volume oj-bench_test_case_cache Creating 
 Volume oj-bench_test_case_cache Created 
 Volume oj-bench_kafkadata Creating 
 Volume oj-bench_kafkadata Created 
 Volume oj-bench_problemdata Creating 
 Volume oj-bench_problemdata Created 
 Volume oj-bench_identitydata Creating 
 Volume oj-bench_identitydata Created 
 Volume oj-bench_promdata Creating 
 Volume oj-bench_promdata Created 
 Volume oj-bench_js2log Creating 
 Volume oj-bench_js2log Created 
 Container oj-problem-db Creating 
 Container oj-redis Creating 
 Container oj-judge-server-2 Creating 
 Container oj-kafka Creating 
 Container oj-jaeger Creating 
 Container oj-identity-db Creating 
 Container oj-judge-server Creating 
 Container oj-minio Creating 
 Container oj-submission-db Creating 
 Container oj-judge-server Created 
 Container oj-minio Created 
 Container oj-judge-server-2 Created 
 Container oj-jaeger Created 
 Container oj-identity-db Created 
 Container oj-problem-db Created 
 Container oj-redis Created 
 Container oj-identity-service Creating 
 Container oj-submission-db Created 
 Container oj-kafka Created 
 Container oj-submission-service Creating 
 Container oj-problem-service Creating 
 Container oj-bench-judge-worker-1 Creating 
 Container oj-identity-service Created 
 Container oj-problem-service Created 
 Container oj-submission-service Created 
 Container oj-prometheus Creating 
 Container oj-api-gateway Creating 
 Container oj-bench-judge-worker-1 Created 
 Container oj-api-gateway Created 
 Container oj-prometheus Created 
 Container oj-redis Starting 
 Container oj-kafka Starting 
 Container oj-judge-server-2 Starting 
 Container oj-jaeger Starting 
 Container oj-judge-server Starting 
 Container oj-problem-db Starting 
 Container oj-minio Starting 
 Container oj-submission-db Starting 
 Container oj-identity-db Starting 
 Container oj-judge-server Started 
 Container oj-judge-server-2 Started 
 Container oj-submission-db Started 
 Container oj-minio Started 
 Container oj-jaeger Started 
 Container oj-problem-db Started 
 Container oj-kafka Started 
 Container oj-minio Waiting 
 Container oj-problem-db Waiting 
 Container oj-kafka Waiting 
 Container oj-kafka Waiting 
 Container oj-judge-server Waiting 
 Container oj-judge-server-2 Waiting 
 Container oj-minio Waiting 
 Container oj-redis Started 
 Container oj-submission-db Waiting 
 Container oj-kafka Waiting 
 Container oj-redis Waiting 
 Container oj-identity-db Started 
 Container oj-identity-db Waiting 
 Container oj-redis Waiting 
 Container oj-submission-db Healthy 
 Container oj-problem-db Healthy 
 Container oj-identity-db Healthy 
 Container oj-minio Healthy 
 Container oj-minio Healthy 
 Container oj-judge-server Healthy 
 Container oj-judge-server-2 Healthy 
 Container oj-redis Healthy 
 Container oj-redis Healthy 
 Container oj-identity-service Starting 
 Container oj-identity-service Started 
 Container oj-kafka Healthy 
 Container oj-kafka Healthy 
 Container oj-problem-service Starting 
 Container oj-bench-judge-worker-1 Starting 
 Container oj-kafka Healthy 
 Container oj-submission-service Starting 
 Container oj-submission-service Started 
 Container oj-prometheus Starting 
 Container oj-problem-service Started 
 Container oj-redis Waiting 
 Container oj-bench-judge-worker-1 Started 
 Container oj-prometheus Started 
 Container oj-redis Healthy 
 Container oj-api-gateway Starting 
 Container oj-api-gateway Started 
 Container oj-api-gateway Waiting 
 Container oj-prometheus Waiting 
 Container oj-identity-db Waiting 
 Container oj-jaeger Waiting 
 Container oj-judge-server-2 Waiting 
 Container oj-submission-db Waiting 
 Container oj-kafka Waiting 
 Container oj-bench-judge-worker-1 Waiting 
 Container oj-submission-service Waiting 
 Container oj-judge-server Waiting 
 Container oj-problem-service Waiting 
 Container oj-identity-service Waiting 
 Container oj-minio Waiting 
 Container oj-redis Waiting 
 Container oj-problem-db Waiting 
 Container oj-bench-judge-worker-1 Healthy 
 Container oj-redis Healthy 
 Container oj-prometheus Healthy 
 Container oj-jaeger Healthy 
 Container oj-judge-server Healthy 
 Container oj-problem-db Healthy 
 Container oj-identity-db Healthy 
 Container oj-kafka Healthy 
 Container oj-minio Healthy 
 Container oj-judge-server-2 Healthy 
 Container oj-submission-db Healthy 
 Container oj-api-gateway Healthy 
 Container oj-problem-service Healthy 
 Container oj-identity-service Healthy 
 Container oj-submission-service Healthy 
[09:57:23] seeding (history=1)
seed failed in setup() — see the error above
time="2026-10-07T02:58:45Z" level=error msg="Error: submit bench-ab/python3: HTTP 429 You are submitting too fast. Try again in a moment\n\tat must (file:///scripts/seed.js:23:9(37))\n\tat submitAs (file:///scripts/seed.js:36:14(38))\n\tat setup (file:///scripts/seed.js:94:47(331))\n" hint="script exception" source=stacktrace
