[22:02:10] pilots
 Container oj-bench-judge-worker-1 Running 
[22:02:21] run 20261005-220210-e2-w1-pilot
invariant ok: 352 accepted, 0 missing, 0 not terminal, 0 SYSTEM_ERROR
exported results/20261005-220210-e2-w1-pilot
workers=1 steps=0.5,0.8,1.1,1.3
 Container oj-bench-judge-worker-1 Running 
 Container oj-bench-judge-worker-2 Creating 
 Container oj-bench-judge-worker-2 Created 
 Container oj-bench-judge-worker-2 Starting 
 Container oj-bench-judge-worker-2 Started 
[22:09:33] run 20261005-220922-e2-w2-pilot
invariant ok: 704 accepted, 0 missing, 0 not terminal, 0 SYSTEM_ERROR
exported results/20261005-220922-e2-w2-pilot
workers=2 steps=0.9,1.3,1.7,2.2
 Container oj-bench-judge-worker-1 Running 
 Container oj-bench-judge-worker-2 Running 
 Container oj-bench-judge-worker-4 Creating 
 Container oj-bench-judge-worker-3 Creating 
 Container oj-bench-judge-worker-3 Created 
 Container oj-bench-judge-worker-4 Created 
 Container oj-bench-judge-worker-3 Starting 
 Container oj-bench-judge-worker-3 Started 
 Container oj-bench-judge-worker-4 Starting 
 Container oj-bench-judge-worker-4 Started 
[22:18:14] run 20261005-221803-e2-w4-pilot
invariant ok: 1410 accepted, 0 missing, 0 not terminal, 326 SYSTEM_ERROR
exported results/20261005-221803-e2-w4-pilot
workers=4 steps=1,1.5,2,2.5
 Container oj-bench-judge-worker-1 Running 
 Container oj-bench-judge-worker-2 Running 
 Container oj-bench-judge-worker-3 Running 
 Container oj-bench-judge-worker-4 Running 
 Container oj-bench-judge-worker-6 Creating 
 Container oj-bench-judge-worker-5 Creating 
 Container oj-bench-judge-worker-6 Created 
 Container oj-bench-judge-worker-5 Created 
 Container oj-bench-judge-worker-6 Starting 
 Container oj-bench-judge-worker-6 Started 
 Container oj-bench-judge-worker-5 Starting 
 Container oj-bench-judge-worker-5 Started 
[22:32:25] run 20261005-223214-e2-w6-pilot
invariant ok: 2115 accepted, 0 missing, 0 not terminal, 935 SYSTEM_ERROR
exported results/20261005-223214-e2-w6-pilot
workers=6 steps=1.1,1.6,2.1,2.6
[22:50:01] e2 workers=1 steps=0.5,0.8,1.1,1.3
 Container oj-bench-judge-worker-1 Running 
 Container oj-bench-judge-worker-6 Stopping 
 Container oj-bench-judge-worker-4 Stopping 
 Container oj-bench-judge-worker-3 Stopping 
 Container oj-bench-judge-worker-5 Stopping 
 Container oj-bench-judge-worker-2 Stopping 
 Container oj-bench-judge-worker-4 Stopped 
 Container oj-bench-judge-worker-4 Removing 
 Container oj-bench-judge-worker-6 Stopped 
 Container oj-bench-judge-worker-6 Removing 
 Container oj-bench-judge-worker-3 Stopped 
 Container oj-bench-judge-worker-3 Removing 
 Container oj-bench-judge-worker-4 Removed 
 Container oj-bench-judge-worker-5 Stopped 
 Container oj-bench-judge-worker-5 Removing 
 Container oj-bench-judge-worker-2 Stopped 
 Container oj-bench-judge-worker-2 Removing 
 Container oj-bench-judge-worker-6 Removed 
 Container oj-bench-judge-worker-3 Removed 
 Container oj-bench-judge-worker-5 Removed 
 Container oj-bench-judge-worker-2 Removed 
[22:50:52] run 20261005-225001-e2-w1
invariant ok: 713 accepted, 0 missing, 0 not terminal, 0 SYSTEM_ERROR
exported results/20261005-225001-e2-w1
RUN_DIR=/home/tuan/Project/my-oj/.worktrees/sp5-results/judge-deployment/bench/results/20261005-225001-e2-w1
 Container oj-bench-judge-worker-1 Running 
[23:04:54] run 20261005-230443-e2-w1
invariant ok: 713 accepted, 0 missing, 0 not terminal, 0 SYSTEM_ERROR
exported results/20261005-230443-e2-w1
RUN_DIR=/home/tuan/Project/my-oj/.worktrees/sp5-results/judge-deployment/bench/results/20261005-230443-e2-w1
 Container oj-bench-judge-worker-1 Running 
[23:19:20] run 20261005-231910-e2-w1
invariant ok: 713 accepted, 0 missing, 0 not terminal, 0 SYSTEM_ERROR
exported results/20261005-231910-e2-w1
RUN_DIR=/home/tuan/Project/my-oj/.worktrees/sp5-results/judge-deployment/bench/results/20261005-231910-e2-w1
[23:33:11] e2 workers=2 steps=0.9,1.3,1.7,2.2
 Container oj-bench-judge-worker-1 Running 
 Container oj-bench-judge-worker-2 Creating 
 Container oj-bench-judge-worker-2 Created 
 Container oj-bench-judge-worker-2 Starting 
 Container oj-bench-judge-worker-2 Started 
[23:33:22] run 20261005-233311-e2-w2
invariant ok: 1181 accepted, 0 missing, 0 not terminal, 0 SYSTEM_ERROR
exported results/20261005-233311-e2-w2
RUN_DIR=/home/tuan/Project/my-oj/.worktrees/sp5-results/judge-deployment/bench/results/20261005-233311-e2-w2
 Container oj-bench-judge-worker-1 Running 
 Container oj-bench-judge-worker-2 Running 
[23:48:06] run 20261005-234755-e2-w2
invariant ok: 1181 accepted, 0 missing, 0 not terminal, 0 SYSTEM_ERROR
exported results/20261005-234755-e2-w2
RUN_DIR=/home/tuan/Project/my-oj/.worktrees/sp5-results/judge-deployment/bench/results/20261005-234755-e2-w2
 Container oj-bench-judge-worker-1 Running 
 Container oj-bench-judge-worker-2 Running 
[00:02:51] run 20261006-000240-e2-w2
invariant ok: 1181 accepted, 0 missing, 0 not terminal, 0 SYSTEM_ERROR
exported results/20261006-000240-e2-w2
RUN_DIR=/home/tuan/Project/my-oj/.worktrees/sp5-results/judge-deployment/bench/results/20261006-000240-e2-w2
[00:17:25] e2 workers=4 steps=1,1.5,2,2.5
 Container oj-bench-judge-worker-1 Running 
 Container oj-bench-judge-worker-2 Running 
 Container oj-bench-judge-worker-4 Creating 
 Container oj-bench-judge-worker-3 Creating 
 Container oj-bench-judge-worker-4 Created 
 Container oj-bench-judge-worker-3 Created 
 Container oj-bench-judge-worker-3 Starting 
 Container oj-bench-judge-worker-3 Started 
 Container oj-bench-judge-worker-4 Starting 
 Container oj-bench-judge-worker-4 Started 
[00:17:36] run 20261006-001725-e2-w4
invariant ok: 1353 accepted, 0 missing, 0 not terminal, 0 SYSTEM_ERROR
exported results/20261006-001725-e2-w4
RUN_DIR=/home/tuan/Project/my-oj/.worktrees/sp5-results/judge-deployment/bench/results/20261006-001725-e2-w4
 Container oj-bench-judge-worker-1 Running 
 Container oj-bench-judge-worker-2 Running 
 Container oj-bench-judge-worker-3 Running 
 Container oj-bench-judge-worker-4 Running 
[00:32:26] run 20261006-003216-e2-w4
invariant ok: 1353 accepted, 0 missing, 0 not terminal, 0 SYSTEM_ERROR
exported results/20261006-003216-e2-w4
RUN_DIR=/home/tuan/Project/my-oj/.worktrees/sp5-results/judge-deployment/bench/results/20261006-003216-e2-w4
 Container oj-bench-judge-worker-1 Running 
 Container oj-bench-judge-worker-2 Running 
 Container oj-bench-judge-worker-3 Running 
 Container oj-bench-judge-worker-4 Running 
[00:47:17] run 20261006-004707-e2-w4
invariant ok: 1353 accepted, 0 missing, 0 not terminal, 0 SYSTEM_ERROR
exported results/20261006-004707-e2-w4
RUN_DIR=/home/tuan/Project/my-oj/.worktrees/sp5-results/judge-deployment/bench/results/20261006-004707-e2-w4
[01:01:51] e2 workers=6 steps=1.1,1.6,2.1,2.6
 Container oj-bench-judge-worker-1 Running 
 Container oj-bench-judge-worker-2 Running 
 Container oj-bench-judge-worker-3 Running 
 Container oj-bench-judge-worker-4 Running 
 Container oj-bench-judge-worker-6 Creating 
 Container oj-bench-judge-worker-5 Creating 
 Container oj-bench-judge-worker-6 Created 
 Container oj-bench-judge-worker-5 Created 
 Container oj-bench-judge-worker-5 Starting 
 Container oj-bench-judge-worker-5 Started 
 Container oj-bench-judge-worker-6 Starting 
 Container oj-bench-judge-worker-6 Started 
[01:02:02] run 20261006-010151-e2-w6
invariant ok: 1434 accepted, 0 missing, 0 not terminal, 0 SYSTEM_ERROR
exported results/20261006-010151-e2-w6
RUN_DIR=/home/tuan/Project/my-oj/.worktrees/sp5-results/judge-deployment/bench/results/20261006-010151-e2-w6
 Container oj-bench-judge-worker-1 Running 
 Container oj-bench-judge-worker-2 Running 
 Container oj-bench-judge-worker-3 Running 
 Container oj-bench-judge-worker-4 Running 
 Container oj-bench-judge-worker-5 Running 
 Container oj-bench-judge-worker-6 Running 
[01:16:38] run 20261006-011628-e2-w6
invariant ok: 1434 accepted, 0 missing, 0 not terminal, 0 SYSTEM_ERROR
exported results/20261006-011628-e2-w6
RUN_DIR=/home/tuan/Project/my-oj/.worktrees/sp5-results/judge-deployment/bench/results/20261006-011628-e2-w6
 Container oj-bench-judge-worker-1 Running 
 Container oj-bench-judge-worker-2 Running 
 Container oj-bench-judge-worker-3 Running 
 Container oj-bench-judge-worker-4 Running 
 Container oj-bench-judge-worker-5 Running 
 Container oj-bench-judge-worker-6 Running 
[01:31:20] run 20261006-013110-e2-w6
invariant ok: 1434 accepted, 0 missing, 0 not terminal, 0 SYSTEM_ERROR
exported results/20261006-013110-e2-w6
RUN_DIR=/home/tuan/Project/my-oj/.worktrees/sp5-results/judge-deployment/bench/results/20261006-013110-e2-w6
[01:45:44] summarize
results/summary-e2.md
[01:45:45] session done
